             VMA              LMA     Size Align Out     In      Symbol
             238              238      1f8     8 .dynsym
             238              238      1f8     8         <internal>:(.dynsym)
             430              430       64     8 .gnu.hash
             430              430       64     8         <internal>:(.gnu.hash)
             494              494       ed     1 .dynstr
             494              494       ed     1         <internal>:(.dynstr)
             588              588      1c8     8 .rela.plt
             588              588      1c8     8         <internal>:(.rela.plt)
             750              750        e     1 .rodata
             750              750        e     1         <internal>:(.rodata.str1.1)
             760              760       64     4 .eh_frame_hdr
             760              760       64     4         <internal>:(.eh_frame_hdr)
             7c8              7c8      17c     8 .eh_frame
             7c8              7c8      178     1         .fixture-build/safety_cases_elf_x64.o:(.eh_frame+0x0)
            1950             1950      2b9    16 .text
            1950             1950      2b9    16         .fixture-build/safety_cases_elf_x64.o:(.text)
            1950             1950       34     1                 tainted_stack_overflow
            1990             1990       71     1                 tainted_heap_overflow
            1a10             1a10       39     1                 bounded_copy_is_safe
            1a50             1a50       4a     1                 strlen_guarded_copy
            1aa0             1aa0       1c     1                 leaks_memory
            1ac0             1ac0       39     1                 leak_on_one_path
            1b00             1b00       2c     1                 guarded_free
            1b30             1b30       2e     1                 double_frees
            1b60             1b60       2c     1                 uses_after_free
            1b90             1b90       25     1                 balanced_alloc
            1bc0             1bc0       49     1                 main
            1c10             1c10      140    16 .plt
            1c10             1c10      140    16         <internal>:(.plt)
            2d50             2d50       a0     8 .dynamic
            2d50             2d50       a0     8         <internal>:(.dynamic)
            2df0             2df0      210     1 .relro_padding
            2df0             2df0        0     1         <internal>:(.relro_padding)
            3df0             3df0       b0     8 .got.plt
            3df0             3df0       b0     8         <internal>:(.got.plt)
               0                0       a8     1 .debug_abbrev
               0                0       a8     1         .fixture-build/safety_cases_elf_x64.o:(.debug_abbrev)
               0                0      1c8     1 .debug_info
               0                0      1c8     1         .fixture-build/safety_cases_elf_x64.o:(.debug_info)
               0                0       70     1 .debug_str_offsets
               0                0       70     1         .fixture-build/safety_cases_elf_x64.o:(.debug_str_offsets)
               0                0      143     1 .debug_str
               0                0      143     1         <internal>:(.debug_str)
               0                0       70     1 .debug_addr
               0                0       70     1         .fixture-build/safety_cases_elf_x64.o:(.debug_addr)
               0                0       4c     1 .comment
               0                0       4c     1         <internal>:(.comment)
               0                0      1c7     1 .debug_line
               0                0      1c7     1         .fixture-build/safety_cases_elf_x64.o:(.debug_line)
               0                0       11     1 .debug_line_str
               0                0       11     1         <internal>:(.debug_line_str)
               0                0      228     8 .symtab
               0                0      228     8         <internal>:(.symtab)
               0                0       f4     1 .shstrtab
               0                0       f4     1         <internal>:(.shstrtab)
               0                0      105     1 .strtab
               0                0      105     1         <internal>:(.strtab)
