             VMA              LMA     Size Align Out     In      Symbol
             238              238      1f8     8 .dynsym
             238              238      1f8     8         <internal>:(.dynsym)
             430              430       64     8 .gnu.hash
             430              430       64     8         <internal>:(.gnu.hash)
             494              494       ed     1 .dynstr
             494              494       ed     1         <internal>:(.dynstr)
             588              588      1c8     8 .rela.plt
             588              588      1c8     8         <internal>:(.rela.plt)
             750              750        e     1 .rodata
             750              750        e     1         <internal>:(.rodata.str1.1)
             760              760       64     4 .eh_frame_hdr
             760              760       64     4         <internal>:(.eh_frame_hdr)
             7c8              7c8      1d4     8 .eh_frame
             7c8              7c8      1d0     1         .fixture-build/safety_cases_elf_arm64.o:(.eh_frame+0x0)
           1099c            1099c      2d8     4 .text
           1099c            1099c      2d8     4         .fixture-build/safety_cases_elf_arm64.o:(.text)
           1099c            1099c        0     1                 $x
           1099c            1099c       40     1                 tainted_stack_overflow
           109dc            109dc       64     1                 tainted_heap_overflow
           10a40            10a40       44     1                 bounded_copy_is_safe
           10a84            10a84       60     1                 strlen_guarded_copy
           10ae4            10ae4       24     1                 leaks_memory
           10b08            10b08       48     1                 leak_on_one_path
           10b50            10b50       3c     1                 guarded_free
           10b8c            10b8c       34     1                 double_frees
           10bc0            10bc0       38     1                 uses_after_free
           10bf8            10bf8       2c     1                 balanced_alloc
           10c24            10c24       50     1                 main
           10c80            10c80      150    16 .plt
           10c80            10c80      150    16         <internal>:(.plt)
           20dd0            20dd0       a0     8 .dynamic
           20dd0            20dd0       a0     8         <internal>:(.dynamic)
           20e70            20e70      190     1 .relro_padding
           20e70            20e70        0     1         <internal>:(.relro_padding)
           30e70            30e70       b0     8 .got.plt
           30e70            30e70       b0     8         <internal>:(.got.plt)
               0                0       a8     1 .debug_abbrev
               0                0       a8     1         .fixture-build/safety_cases_elf_arm64.o:(.debug_abbrev)
               0                0        0     1                 $d
               0                0      1c3     1 .debug_info
               0                0      1c3     1         .fixture-build/safety_cases_elf_arm64.o:(.debug_info)
               0                0        0     1                 $d
               0                0       70     1 .debug_str_offsets
               0                0       70     1         .fixture-build/safety_cases_elf_arm64.o:(.debug_str_offsets)
               0                0        0     1                 $d
               0                0      143     1 .debug_str
               0                0      143     1         <internal>:(.debug_str)
               0                0       70     1 .debug_addr
               0                0       70     1         .fixture-build/safety_cases_elf_arm64.o:(.debug_addr)
               0                0        0     1                 $d
               0                0       4c     1 .comment
               0                0       4c     1         <internal>:(.comment)
               0                0      1a2     1 .debug_line
               0                0      1a2     1         .fixture-build/safety_cases_elf_arm64.o:(.debug_line)
               0                0        0     1                 $d
               0                0       11     1 .debug_line_str
               0                0       11     1         <internal>:(.debug_line_str)
               0                0      330     8 .symtab
               0                0      330     8         <internal>:(.symtab)
               0                0       f4     1 .shstrtab
               0                0       f4     1         <internal>:(.shstrtab)
               0                0      126     1 .strtab
               0                0      126     1         <internal>:(.strtab)
