Address  Size     Align Out     In      Symbol
00001000 000003a0  4096 .text
00001000 000002a4     4         .fixture-build/safety_cases_pe_arm64.obj:(.text)
00001000 00000000     0                 tainted_stack_overflow
0000103c 00000000     0                 tainted_heap_overflow
00001094 00000000     0                 bounded_copy_is_safe
000010d4 00000000     0                 strlen_guarded_copy
00001130 00000000     0                 leaks_memory
00001150 00000000     0                 leak_on_one_path
00001194 00000000     0                 guarded_free
000011cc 00000000     0                 double_frees
000011fc 00000000     0                 uses_after_free
00001230 00000000     0                 balanced_alloc
00001258 00000000     0                 main
000012a4 00000060     4         .fixture-build/interproc_cases_pe_arm64.obj:(.text)
000012a4 00000000     0                 interproc_forward_outer
000012b4 00000000     0                 interproc_budget_entry
000012d0 00000000     0                 interproc_isolation_entry
000012e8 00000000     0                 interproc_dead_tainted_helper
00001304 00000030     4         .fixture-build/interproc_leaves_pe_arm64.obj:(.text)
00001304 00000000     0                 interproc_forward_inner
00001304 00000000     0                 interproc_forward_inner
0000131c 00000000     0                 interproc_isolation_leaf
0000131c 00000000     0                 interproc_isolation_leaf
00002000 000002a8  4096 .rdata
00002000 00000008     8         .fixture-build/safety_cases_pe_arm64.obj:(.rdata)
00002000 00000000     0                 "PAYLOAD"
00002000 00000000     0                 "PAYLOAD"
00002008 00000006     4         .fixture-build/safety_cases_pe_arm64.obj:(.rdata)
00002008 00000000     0                 "EARLY"
00002010 00000006     4         .fixture-build/interproc_cases_pe_arm64.obj:(.rdata)
00002010 00000000     0                 "CLEAN"
00002240 00000058     4         .fixture-build/safety_cases_pe_arm64.obj:(.xdata)
00002298 00000000     4         .fixture-build/interproc_cases_pe_arm64.obj:(.xdata)
00002298 00000010     4         .fixture-build/interproc_leaves_pe_arm64.obj:(.xdata)
00003000 00000088  4096 .pdata
00003000 00000058     4         .fixture-build/safety_cases_pe_arm64.obj:(.pdata)
00003058 00000020     4         .fixture-build/interproc_cases_pe_arm64.obj:(.pdata)
00003078 00000010     4         .fixture-build/interproc_leaves_pe_arm64.obj:(.pdata)
