# Path: binaries/safety_cases_macho_arm64
# Arch: arm64
# Object files:
[  0] linker synthesized
[  1] .fixture-build/safety_cases_macho_arm64.o
[  2] /Library/Developer/CommandLineTools/SDKs/MacOSX.sdk/usr/lib/libSystem.tbd
[  3] /Library/Developer/CommandLineTools/SDKs/MacOSX.sdk/usr/lib/system/libsystem_c.tbd
[  4] /Library/Developer/CommandLineTools/SDKs/MacOSX.sdk/usr/lib/system/libsystem_kernel.tbd
[  5] /Library/Developer/CommandLineTools/SDKs/MacOSX.sdk/usr/lib/system/libsystem_malloc.tbd
# Sections:
# Address	Size    	Segment	Section
0x100000460	0x000002D8	__TEXT	__text
0x100000738	0x0000006C	__TEXT	__stubs
0x1000007A4	0x0000000E	__TEXT	__cstring
0x1000007B4	0x00000060	__TEXT	__unwind_info
0x100004000	0x00000048	__DATA_CONST	__got
# Symbols:
# Address	Size    	File  Name
0x100000000	0x00000000	[  0] __mh_execute_header
0x100000460	0x00000040	[  1] _tainted_stack_overflow
0x1000004A0	0x00000064	[  1] _tainted_heap_overflow
0x100000504	0x00000044	[  1] _bounded_copy_is_safe
0x100000548	0x00000060	[  1] _strlen_guarded_copy
0x1000005A8	0x00000024	[  1] _leaks_memory
0x1000005CC	0x00000048	[  1] _leak_on_one_path
0x100000614	0x0000003C	[  1] _guarded_free
0x100000650	0x00000034	[  1] _double_frees
0x100000684	0x00000038	[  1] _uses_after_free
0x1000006BC	0x0000002C	[  1] _balanced_alloc
0x1000006E8	0x00000050	[  1] _main
0x100000738	0x0000000C	[  5] _free.stub
0x100000744	0x0000000C	[  3] _getenv.stub
0x100000750	0x0000000C	[  5] _malloc.stub
0x10000075C	0x0000000C	[  3] _memcpy.stub
0x100000768	0x0000000C	[  3] _puts.stub
0x100000774	0x0000000C	[  4] _read.stub
0x100000780	0x0000000C	[  3] _strcpy.stub
0x10000078C	0x0000000C	[  3] _strlen.stub
0x100000798	0x0000000C	[  3] _strncpy.stub
0x1000007A4	0x00000008	[  1] literal string: PAYLOAD
0x1000007AC	0x00000006	[  1] literal string: EARLY
0x100004000	0x00000008	[  5] _free.got
0x100004008	0x00000008	[  3] _getenv.got
0x100004010	0x00000008	[  5] _malloc.got
0x100004018	0x00000008	[  3] _memcpy.got
0x100004020	0x00000008	[  3] _puts.got
0x100004028	0x00000008	[  4] _read.got
0x100004030	0x00000008	[  3] _strcpy.got
0x100004038	0x00000008	[  3] _strlen.got
0x100004040	0x00000008	[  3] _strncpy.got
