# Path: binaries/safety_cases_macho_x64
# Arch: x86_64
# Object files:
[  0] linker synthesized
[  1] .fixture-build/safety_cases_macho_x64.o
[  2] .fixture-build/interproc_cases_macho_x64.o
[  3] .fixture-build/interproc_leaves_macho_x64.o
[  4] /Library/Developer/CommandLineTools/SDKs/MacOSX.sdk/usr/lib/libSystem.tbd
[  5] /Library/Developer/CommandLineTools/SDKs/MacOSX.sdk/usr/lib/system/libsystem_c.tbd
[  6] /Library/Developer/CommandLineTools/SDKs/MacOSX.sdk/usr/lib/system/libsystem_kernel.tbd
[  7] /Library/Developer/CommandLineTools/SDKs/MacOSX.sdk/usr/lib/system/libsystem_malloc.tbd
# Sections:
# Address	Size    	Segment	Section
0x100000460	0x00000366	__TEXT	__text
0x1000007C6	0x00000036	__TEXT	__stubs
0x1000007FC	0x00000014	__TEXT	__cstring
0x100000810	0x00000058	__TEXT	__unwind_info
0x100001000	0x00000048	__DATA_CONST	__got
# Symbols:
# Address	Size    	File  Name
0x100000000	0x00000000	[  0] __mh_execute_header
0x100000460	0x00000040	[  1] _tainted_stack_overflow
0x1000004A0	0x00000080	[  1] _tainted_heap_overflow
0x100000520	0x00000040	[  1] _bounded_copy_is_safe
0x100000560	0x00000050	[  1] _strlen_guarded_copy
0x1000005B0	0x00000020	[  1] _leaks_memory
0x1000005D0	0x00000040	[  1] _leak_on_one_path
0x100000610	0x00000030	[  1] _guarded_free
0x100000640	0x00000030	[  1] _double_frees
0x100000670	0x00000030	[  1] _uses_after_free
0x1000006A0	0x00000030	[  1] _balanced_alloc
0x1000006D0	0x00000049	[  1] _main
0x100000720	0x00000010	[  2] _interproc_forward_outer
0x100000730	0x00000020	[  2] _interproc_budget_entry
0x100000750	0x00000020	[  2] _interproc_isolation_entry
0x100000770	0x0000001A	[  2] _interproc_dead_tainted_helper
0x100000790	0x00000020	[  3] _interproc_forward_inner
0x1000007B0	0x00000016	[  3] _interproc_isolation_leaf
0x1000007C6	0x00000006	[  7] _free.stub
0x1000007CC	0x00000006	[  5] _getenv.stub
0x1000007D2	0x00000006	[  7] _malloc.stub
0x1000007D8	0x00000006	[  5] _memcpy.stub
0x1000007DE	0x00000006	[  5] _puts.stub
0x1000007E4	0x00000006	[  6] _read.stub
0x1000007EA	0x00000006	[  5] _strcpy.stub
0x1000007F0	0x00000006	[  5] _strlen.stub
0x1000007F6	0x00000006	[  5] _strncpy.stub
0x1000007FC	0x00000008	[  1] literal string: PAYLOAD
0x100000804	0x00000006	[  1] literal string: EARLY
0x10000080A	0x00000006	[  2] literal string: CLEAN
0x100001000	0x00000008	[  7] _free.got
0x100001008	0x00000008	[  5] _getenv.got
0x100001010	0x00000008	[  7] _malloc.got
0x100001018	0x00000008	[  5] _memcpy.got
0x100001020	0x00000008	[  5] _puts.got
0x100001028	0x00000008	[  6] _read.got
0x100001030	0x00000008	[  5] _strcpy.got
0x100001038	0x00000008	[  5] _strlen.got
0x100001040	0x00000008	[  5] _strncpy.got
