             VMA              LMA     Size Align Out     In      Symbol
             238              238      228     8 .dynsym
             238              238      228     8         <internal>:(.dynsym)
             460              460       70     8 .gnu.hash
             460              460       70     8         <internal>:(.gnu.hash)
             4d0              4d0      11e     1 .dynstr
             4d0              4d0      11e     1         <internal>:(.dynstr)
             5f0              5f0      1c8     8 .rela.plt
             5f0              5f0      1c8     8         <internal>:(.rela.plt)
             7b8              7b8       14     1 .rodata
             7b8              7b8       14     1         <internal>:(.rodata.str1.1)
             7cc              7cc       94     4 .eh_frame_hdr
             7cc              7cc       94     4         <internal>:(.eh_frame_hdr)
             860              860      2b4     8 .eh_frame
             860              860      1d0     1         .fixture-build/safety_cases_elf_arm64.o:(.eh_frame+0x0)
             a30              a30       a4     1         .fixture-build/interproc_cases_elf_arm64.o:(.eh_frame+0x14)
             ad4              ad4       3c     1         .fixture-build/interproc_leaves_elf_arm64.o:(.eh_frame+0x14)
           10b14            10b14      380     4 .text
           10b14            10b14      2d8     4         .fixture-build/safety_cases_elf_arm64.o:(.text)
           10b14            10b14        0     1                 $x
           10b14            10b14       40     1                 tainted_stack_overflow
           10b54            10b54       64     1                 tainted_heap_overflow
           10bb8            10bb8       44     1                 bounded_copy_is_safe
           10bfc            10bfc       60     1                 strlen_guarded_copy
           10c5c            10c5c       24     1                 leaks_memory
           10c80            10c80       48     1                 leak_on_one_path
           10cc8            10cc8       3c     1                 guarded_free
           10d04            10d04       34     1                 double_frees
           10d38            10d38       38     1                 uses_after_free
           10d70            10d70       2c     1                 balanced_alloc
           10d9c            10d9c       50     1                 main
           10dec            10dec       70     4         .fixture-build/interproc_cases_elf_arm64.o:(.text)
           10dec            10dec        0     1                 $x
           10dec            10dec       14     1                 interproc_forward_outer
           10e00            10e00       20     1                 interproc_budget_entry
           10e20            10e20       1c     1                 interproc_isolation_entry
           10e3c            10e3c       20     1                 interproc_dead_tainted_helper
           10e5c            10e5c       38     4         .fixture-build/interproc_leaves_elf_arm64.o:(.text)
           10e5c            10e5c        0     1                 $x
           10e5c            10e5c       1c     1                 interproc_forward_inner
           10e78            10e78       1c     1                 interproc_isolation_leaf
           10ea0            10ea0      150    16 .plt
           10ea0            10ea0      150    16         <internal>:(.plt)
           20ff0            20ff0       a0     8 .dynamic
           20ff0            20ff0       a0     8         <internal>:(.dynamic)
           21090            21090      f70     1 .relro_padding
           21090            21090        0     1         <internal>:(.relro_padding)
           31090            31090       b0     8 .got.plt
           31090            31090       b0     8         <internal>:(.got.plt)
               0                0      22f     1 .debug_abbrev
               0                0       a8     1         .fixture-build/safety_cases_elf_arm64.o:(.debug_abbrev)
               0                0        0     1                 $d
              a8               a8       d7     1         .fixture-build/interproc_cases_elf_arm64.o:(.debug_abbrev)
              a8               a8        0     1                 $d
             17f              17f       b0     1         .fixture-build/interproc_leaves_elf_arm64.o:(.debug_abbrev)
             17f              17f        0     1                 $d
               0                0      38d     1 .debug_info
               0                0      1c3     1         .fixture-build/safety_cases_elf_arm64.o:(.debug_info)
               0                0        0     1                 $d
             1c3              1c3      104     1         .fixture-build/interproc_cases_elf_arm64.o:(.debug_info)
             1c3              1c3        0     1                 $d
             2c7              2c7       c6     1         .fixture-build/interproc_leaves_elf_arm64.o:(.debug_info)
             2c7              2c7        0     1                 $d
               0                0       dc     1 .debug_str_offsets
               0                0       70     1         .fixture-build/safety_cases_elf_arm64.o:(.debug_str_offsets)
               0                0        0     1                 $d
              70               70       3c     1         .fixture-build/interproc_cases_elf_arm64.o:(.debug_str_offsets)
              70               70        0     1                 $d
              ac               ac       30     1         .fixture-build/interproc_leaves_elf_arm64.o:(.debug_str_offsets)
              ac               ac        0     1                 $d
               0                0      20e     1 .debug_str
               0                0      20e     1         <internal>:(.debug_str)
               0                0      100     1 .debug_addr
               0                0       70     1         .fixture-build/safety_cases_elf_arm64.o:(.debug_addr)
               0                0        0     1                 $d
              70               70       68     1         .fixture-build/interproc_cases_elf_arm64.o:(.debug_addr)
              70               70        0     1                 $d
              d8               d8       28     1         .fixture-build/interproc_leaves_elf_arm64.o:(.debug_addr)
              d8               d8        0     1                 $d
               0                0       4c     1 .comment
               0                0       4c     1         <internal>:(.comment)
               0                0      275     1 .debug_line
               0                0      1a2     1         .fixture-build/safety_cases_elf_arm64.o:(.debug_line)
               0                0        0     1                 $d
             1a2              1a2       7a     1         .fixture-build/interproc_cases_elf_arm64.o:(.debug_line)
             1a2              1a2        0     1                 $d
             21c              21c       59     1         .fixture-build/interproc_leaves_elf_arm64.o:(.debug_line)
             21c              21c        0     1                 $d
               0                0       36     1 .debug_line_str
               0                0       36     1         <internal>:(.debug_line_str)
               0                0       5c     1 .debug_loclists
               0                0       32     1         .fixture-build/interproc_cases_elf_arm64.o:(.debug_loclists)
               0                0        0     1                 $d
              32               32       2a     1         .fixture-build/interproc_leaves_elf_arm64.o:(.debug_loclists)
              32               32        0     1                 $d
               0                0      618     8 .symtab
               0                0      618     8         <internal>:(.symtab)
               0                0      104     1 .shstrtab
               0                0      104     1         <internal>:(.shstrtab)
               0                0      228     1 .strtab
               0                0      228     1         <internal>:(.strtab)
