             VMA              LMA     Size Align Out     In      Symbol
             238              238      228     8 .dynsym
             238              238      228     8         <internal>:(.dynsym)
             460              460       70     8 .gnu.hash
             460              460       70     8         <internal>:(.gnu.hash)
             4d0              4d0      11e     1 .dynstr
             4d0              4d0      11e     1         <internal>:(.dynstr)
             5f0              5f0      1c8     8 .rela.plt
             5f0              5f0      1c8     8         <internal>:(.rela.plt)
             7b8              7b8       14     1 .rodata
             7b8              7b8       14     1         <internal>:(.rodata.str1.1)
             7cc              7cc       94     4 .eh_frame_hdr
             7cc              7cc       94     4         <internal>:(.eh_frame_hdr)
             860              860      204     8 .eh_frame
             860              860      178     1         .fixture-build/safety_cases_elf_x64.o:(.eh_frame+0x0)
             9d8              9d8       60     1         .fixture-build/interproc_cases_elf_x64.o:(.eh_frame+0x18)
             a38              a38       28     1         .fixture-build/interproc_leaves_elf_x64.o:(.eh_frame+0x18)
            1a70             1a70      351    16 .text
            1a70             1a70      2b9    16         .fixture-build/safety_cases_elf_x64.o:(.text)
            1a70             1a70       34     1                 tainted_stack_overflow
            1ab0             1ab0       71     1                 tainted_heap_overflow
            1b30             1b30       39     1                 bounded_copy_is_safe
            1b70             1b70       4a     1                 strlen_guarded_copy
            1bc0             1bc0       1c     1                 leaks_memory
            1be0             1be0       39     1                 leak_on_one_path
            1c20             1c20       2c     1                 guarded_free
            1c50             1c50       2e     1                 double_frees
            1c80             1c80       2c     1                 uses_after_free
            1cb0             1cb0       25     1                 balanced_alloc
            1ce0             1ce0       49     1                 main
            1d30             1d30       57    16         .fixture-build/interproc_cases_elf_x64.o:(.text)
            1d30             1d30        8     1                 interproc_forward_outer
            1d40             1d40       17     1                 interproc_budget_entry
            1d60             1d60        f     1                 interproc_isolation_entry
            1d70             1d70       17     1                 interproc_dead_tainted_helper
            1d90             1d90       31    16         .fixture-build/interproc_leaves_elf_x64.o:(.text)
            1d90             1d90       11     1                 interproc_forward_inner
            1db0             1db0       11     1                 interproc_isolation_leaf
            1dd0             1dd0      140    16 .plt
            1dd0             1dd0      140    16         <internal>:(.plt)
            2f10             2f10       a0     8 .dynamic
            2f10             2f10       a0     8         <internal>:(.dynamic)
            2fb0             2fb0       50     1 .relro_padding
            2fb0             2fb0        0     1         <internal>:(.relro_padding)
            3fb0             3fb0       b0     8 .got.plt
            3fb0             3fb0       b0     8         <internal>:(.got.plt)
               0                0      22f     1 .debug_abbrev
               0                0       a8     1         .fixture-build/safety_cases_elf_x64.o:(.debug_abbrev)
              a8               a8       d7     1         .fixture-build/interproc_cases_elf_x64.o:(.debug_abbrev)
             17f              17f       b0     1         .fixture-build/interproc_leaves_elf_x64.o:(.debug_abbrev)
               0                0      392     1 .debug_info
               0                0      1c8     1         .fixture-build/safety_cases_elf_x64.o:(.debug_info)
             1c8              1c8      104     1         .fixture-build/interproc_cases_elf_x64.o:(.debug_info)
             2cc              2cc       c6     1         .fixture-build/interproc_leaves_elf_x64.o:(.debug_info)
               0                0       dc     1 .debug_str_offsets
               0                0       70     1         .fixture-build/safety_cases_elf_x64.o:(.debug_str_offsets)
              70               70       3c     1         .fixture-build/interproc_cases_elf_x64.o:(.debug_str_offsets)
              ac               ac       30     1         .fixture-build/interproc_leaves_elf_x64.o:(.debug_str_offsets)
               0                0      20e     1 .debug_str
               0                0      20e     1         <internal>:(.debug_str)
               0                0      100     1 .debug_addr
               0                0       70     1         .fixture-build/safety_cases_elf_x64.o:(.debug_addr)
              70               70       68     1         .fixture-build/interproc_cases_elf_x64.o:(.debug_addr)
              d8               d8       28     1         .fixture-build/interproc_leaves_elf_x64.o:(.debug_addr)
               0                0       4c     1 .comment
               0                0       4c     1         <internal>:(.comment)
               0                0      29b     1 .debug_line
               0                0      1c7     1         .fixture-build/safety_cases_elf_x64.o:(.debug_line)
             1c7              1c7       7a     1         .fixture-build/interproc_cases_elf_x64.o:(.debug_line)
             241              241       5a     1         .fixture-build/interproc_leaves_elf_x64.o:(.debug_line)
               0                0       36     1 .debug_line_str
               0                0       36     1         <internal>:(.debug_line_str)
               0                0       5c     1 .debug_loclists
               0                0       32     1         .fixture-build/interproc_cases_elf_x64.o:(.debug_loclists)
              32               32       2a     1         .fixture-build/interproc_leaves_elf_x64.o:(.debug_loclists)
               0                0      2e8     8 .symtab
               0                0      2e8     8         <internal>:(.symtab)
               0                0      104     1 .shstrtab
               0                0      104     1         <internal>:(.shstrtab)
               0                0      1c2     1 .strtab
               0                0      1c2     1         <internal>:(.strtab)
