Address  Size     Align Out     In      Symbol
00001000 000003d6  4096 .text
00001000 00000295    16         .fixture-build/safety_cases_pe_x64.obj:(.text)
00001000 00000000     0                 tainted_stack_overflow
00001040 00000000     0                 tainted_heap_overflow
000010a0 00000000     0                 bounded_copy_is_safe
000010e0 00000000     0                 strlen_guarded_copy
00001130 00000000     0                 leaks_memory
00001150 00000000     0                 leak_on_one_path
00001190 00000000     0                 guarded_free
000011c0 00000000     0                 double_frees
000011f0 00000000     0                 uses_after_free
00001220 00000000     0                 balanced_alloc
00001250 00000000     0                 main
000012a0 0000006e    16         .fixture-build/interproc_cases_pe_x64.obj:(.text)
000012a0 00000000     0                 interproc_forward_outer
000012b0 00000000     0                 interproc_budget_entry
000012d0 00000000     0                 interproc_isolation_entry
000012f0 00000000     0                 interproc_dead_tainted_helper
00001310 00000033    16         .fixture-build/interproc_leaves_pe_x64.obj:(.text)
00001310 00000000     0                 interproc_forward_inner
00001310 00000000     0                 interproc_forward_inner
00001330 00000000     0                 interproc_isolation_leaf
00001330 00000000     0                 interproc_isolation_leaf
00002000 000002c0  4096 .rdata
00002000 00000008     1         .fixture-build/safety_cases_pe_x64.obj:(.rdata)
00002000 00000000     0                 "PAYLOAD"
00002000 00000000     0                 "PAYLOAD"
00002008 00000006     1         .fixture-build/safety_cases_pe_x64.obj:(.rdata)
00002008 00000000     0                 "EARLY"
0000200e 00000006     1         .fixture-build/interproc_cases_pe_x64.obj:(.rdata)
0000200e 00000000     0                 "CLEAN"
00002238 00000058     4         .fixture-build/safety_cases_pe_x64.obj:(.xdata)
00002290 00000020     4         .fixture-build/interproc_cases_pe_x64.obj:(.xdata)
000022b0 00000010     4         .fixture-build/interproc_leaves_pe_x64.obj:(.xdata)
00003000 000000cc  4096 .pdata
00003000 00000084     4         .fixture-build/safety_cases_pe_x64.obj:(.pdata)
00003084 00000030     4         .fixture-build/interproc_cases_pe_x64.obj:(.pdata)
000030b4 00000018     4         .fixture-build/interproc_leaves_pe_x64.obj:(.pdata)
